[input]	input_initialization complete
[drivers]	driver_initialization started
[drivers]	created driver: FCFS (type=fcfs)
[drivers]	registered driver: FCFS
[drivers]	created driver: SJF-w2 (type=sjf)
[drivers]	registered driver: SJF-w2
[drivers]	created driver: SJF-w4 (type=sjf)
[drivers]	registered driver: SJF-w4
[drivers]	created driver: SJF-w8 (type=sjf)
[drivers]	registered driver: SJF-w8
[drivers]	created driver: SJF-w16 (type=sjf)
[drivers]	registered driver: SJF-w16
[drivers]	created driver: SJF-w32 (type=sjf)
[drivers]	registered driver: SJF-w32
[drivers]	created driver: SJF-w64 (type=sjf)
[drivers]	registered driver: SJF-w64
[drivers]	created driver: SJF-w128 (type=sjf)
[drivers]	registered driver: SJF-w128
[drivers]	created driver: SJF-w256 (type=sjf)
[drivers]	registered driver: SJF-w256
[drivers]	created driver: SJF-w512 (type=sjf)
[drivers]	registered driver: SJF-w512
[drivers]	created driver: SJF-w1024 (type=sjf)
[drivers]	registered driver: SJF-w1024
[drivers]	created driver: LJF-w2 (type=ljf)
[drivers]	registered driver: LJF-w2
[drivers]	created driver: LJF-w4 (type=ljf)
[drivers]	registered driver: LJF-w4
[drivers]	created driver: LJF-w8 (type=ljf)
[drivers]	registered driver: LJF-w8
[drivers]	created driver: LJF-w16 (type=ljf)
[drivers]	registered driver: LJF-w16
[drivers]	created driver: LJF-w32 (type=ljf)
[drivers]	registered driver: LJF-w32
[drivers]	created driver: LJF-w64 (type=ljf)
[drivers]	registered driver: LJF-w64
[drivers]	created driver: LJF-w128 (type=ljf)
[drivers]	registered driver: LJF-w128
[drivers]	created driver: LJF-w256 (type=ljf)
[drivers]	registered driver: LJF-w256
[drivers]	created driver: LJF-w512 (type=ljf)
[drivers]	registered driver: LJF-w512
[drivers]	created driver: LJF-w1024 (type=ljf)
[drivers]	registered driver: LJF-w1024
[drivers]	created driver: SRF-w2 (type=srf)
[drivers]	registered driver: SRF-w2
[drivers]	created driver: SRF-w4 (type=srf)
[drivers]	registered driver: SRF-w4
[drivers]	created driver: SRF-w8 (type=srf)
[drivers]	registered driver: SRF-w8
[drivers]	created driver: SRF-w16 (type=srf)
[drivers]	registered driver: SRF-w16
[drivers]	created driver: SRF-w32 (type=srf)
[drivers]	registered driver: SRF-w32
[drivers]	created driver: SRF-w64 (type=srf)
[drivers]	registered driver: SRF-w64
[drivers]	created driver: SRF-w128 (type=srf)
[drivers]	registered driver: SRF-w128
[drivers]	created driver: SRF-w256 (type=srf)
[drivers]	registered driver: SRF-w256
[drivers]	created driver: SRF-w512 (type=srf)
[drivers]	registered driver: SRF-w512
[drivers]	created driver: SRF-w1024 (type=srf)
[drivers]	registered driver: SRF-w1024
[drivers]	created driver: LRF-w2 (type=lrf)
[drivers]	registered driver: LRF-w2
[drivers]	created driver: LRF-w4 (type=lrf)
[drivers]	registered driver: LRF-w4
[drivers]	created driver: LRF-w8 (type=lrf)
[drivers]	registered driver: LRF-w8
[drivers]	created driver: LRF-w16 (type=lrf)
[drivers]	registered driver: LRF-w16
[drivers]	created driver: LRF-w32 (type=lrf)
[drivers]	registered driver: LRF-w32
[drivers]	created driver: LRF-w64 (type=lrf)
[drivers]	registered driver: LRF-w64
[drivers]	created driver: LRF-w128 (type=lrf)
[drivers]	registered driver: LRF-w128
[drivers]	created driver: LRF-w256 (type=lrf)
[drivers]	registered driver: LRF-w256
[drivers]	created driver: LRF-w512 (type=lrf)
[drivers]	registered driver: LRF-w512
[drivers]	created driver: LRF-w1024 (type=lrf)
[drivers]	registered driver: LRF-w1024
[drivers]	created driver: SCF-w2 (type=scf)
[drivers]	registered driver: SCF-w2
[drivers]	created driver: SCF-w4 (type=scf)
[drivers]	registered driver: SCF-w4
[drivers]	created driver: SCF-w8 (type=scf)
[drivers]	registered driver: SCF-w8
[drivers]	created driver: SCF-w16 (type=scf)
[drivers]	registered driver: SCF-w16
[drivers]	created driver: SCF-w32 (type=scf)
[drivers]	registered driver: SCF-w32
[drivers]	created driver: SCF-w64 (type=scf)
[drivers]	registered driver: SCF-w64
[drivers]	created driver: SCF-w128 (type=scf)
[drivers]	registered driver: SCF-w128
[drivers]	created driver: SCF-w256 (type=scf)
[drivers]	registered driver: SCF-w256
[drivers]	created driver: SCF-w512 (type=scf)
[drivers]	registered driver: SCF-w512
[drivers]	created driver: SCF-w1024 (type=scf)
[drivers]	registered driver: SCF-w1024
[drivers]	created driver: LCF-w2 (type=lcf)
[drivers]	registered driver: LCF-w2
[drivers]	created driver: LCF-w4 (type=lcf)
[drivers]	registered driver: LCF-w4
[drivers]	created driver: LCF-w8 (type=lcf)
[drivers]	registered driver: LCF-w8
[drivers]	created driver: LCF-w16 (type=lcf)
[drivers]	registered driver: LCF-w16
[drivers]	created driver: LCF-w32 (type=lcf)
[drivers]	registered driver: LCF-w32
[drivers]	created driver: LCF-w64 (type=lcf)
[drivers]	registered driver: LCF-w64
[drivers]	created driver: LCF-w128 (type=lcf)
[drivers]	registered driver: LCF-w128
[drivers]	created driver: LCF-w256 (type=lcf)
[drivers]	registered driver: LCF-w256
[drivers]	created driver: LCF-w512 (type=lcf)
[drivers]	registered driver: LCF-w512
[drivers]	created driver: LCF-w1024 (type=lcf)
[drivers]	registered driver: LCF-w1024
[drivers]	created driver: LCFS-w2 (type=lcfs)
[drivers]	registered driver: LCFS-w2
[drivers]	created driver: LCFS-w4 (type=lcfs)
[drivers]	registered driver: LCFS-w4
[drivers]	created driver: LCFS-w8 (type=lcfs)
[drivers]	registered driver: LCFS-w8
[drivers]	created driver: LCFS-w16 (type=lcfs)
[drivers]	registered driver: LCFS-w16
[drivers]	created driver: LCFS-w32 (type=lcfs)
[drivers]	registered driver: LCFS-w32
[drivers]	created driver: LCFS-w64 (type=lcfs)
[drivers]	registered driver: LCFS-w64
[drivers]	created driver: LCFS-w128 (type=lcfs)
[drivers]	registered driver: LCFS-w128
[drivers]	created driver: LCFS-w256 (type=lcfs)
[drivers]	registered driver: LCFS-w256
[drivers]	created driver: LCFS-w512 (type=lcfs)
[drivers]	registered driver: LCFS-w512
[drivers]	created driver: LCFS-w1024 (type=lcfs)
[drivers]	registered driver: LCFS-w1024
[drivers]	created driver: WFP3-w2 (type=wfp3)
[drivers]	registered driver: WFP3-w2
[drivers]	created driver: WFP3-w4 (type=wfp3)
[drivers]	registered driver: WFP3-w4
[drivers]	created driver: WFP3-w8 (type=wfp3)
[drivers]	registered driver: WFP3-w8
[drivers]	created driver: WFP3-w16 (type=wfp3)
[drivers]	registered driver: WFP3-w16
[drivers]	created driver: WFP3-w32 (type=wfp3)
[drivers]	registered driver: WFP3-w32
[drivers]	created driver: WFP3-w64 (type=wfp3)
[drivers]	registered driver: WFP3-w64
[drivers]	created driver: WFP3-w128 (type=wfp3)
[drivers]	registered driver: WFP3-w128
[drivers]	created driver: WFP3-w256 (type=wfp3)
[drivers]	registered driver: WFP3-w256
[drivers]	created driver: WFP3-w512 (type=wfp3)
[drivers]	registered driver: WFP3-w512
[drivers]	created driver: WFP3-w1024 (type=wfp3)
[drivers]	registered driver: WFP3-w1024
[drivers]	created driver: WFP1-w2 (type=wfp1)
[drivers]	registered driver: WFP1-w2
[drivers]	created driver: WFP1-w4 (type=wfp1)
[drivers]	registered driver: WFP1-w4
[drivers]	created driver: WFP1-w8 (type=wfp1)
[drivers]	registered driver: WFP1-w8
[drivers]	created driver: WFP1-w16 (type=wfp1)
[drivers]	registered driver: WFP1-w16
[drivers]	created driver: WFP1-w32 (type=wfp1)
[drivers]	registered driver: WFP1-w32
[drivers]	created driver: WFP1-w64 (type=wfp1)
[drivers]	registered driver: WFP1-w64
[drivers]	created driver: WFP1-w128 (type=wfp1)
[drivers]	registered driver: WFP1-w128
[drivers]	created driver: WFP1-w256 (type=wfp1)
[drivers]	registered driver: WFP1-w256
[drivers]	created driver: WFP1-w512 (type=wfp1)
[drivers]	registered driver: WFP1-w512
[drivers]	created driver: WFP1-w1024 (type=wfp1)
[drivers]	registered driver: WFP1-w1024
[drivers]	created driver: FCSJ-w2 (type=fcsj)
[drivers]	registered driver: FCSJ-w2
[drivers]	created driver: FCSJ-w4 (type=fcsj)
[drivers]	registered driver: FCSJ-w4
[drivers]	created driver: FCSJ-w8 (type=fcsj)
[drivers]	registered driver: FCSJ-w8
[drivers]	created driver: FCSJ-w16 (type=fcsj)
[drivers]	registered driver: FCSJ-w16
[drivers]	created driver: FCSJ-w32 (type=fcsj)
[drivers]	registered driver: FCSJ-w32
[drivers]	created driver: FCSJ-w64 (type=fcsj)
[drivers]	registered driver: FCSJ-w64
[drivers]	created driver: FCSJ-w128 (type=fcsj)
[drivers]	registered driver: FCSJ-w128
[drivers]	created driver: FCSJ-w256 (type=fcsj)
[drivers]	registered driver: FCSJ-w256
[drivers]	created driver: FCSJ-w512 (type=fcsj)
[drivers]	registered driver: FCSJ-w512
[drivers]	created driver: FCSJ-w1024 (type=fcsj)
[drivers]	registered driver: FCSJ-w1024
[drivers]	created driver: FAT-w2 (type=fat)
[drivers]	registered driver: FAT-w2
[drivers]	created driver: FAT-w4 (type=fat)
[drivers]	registered driver: FAT-w4
[drivers]	created driver: FAT-w8 (type=fat)
[drivers]	registered driver: FAT-w8
[drivers]	created driver: FAT-w16 (type=fat)
[drivers]	registered driver: FAT-w16
[drivers]	created driver: FAT-w32 (type=fat)
[drivers]	registered driver: FAT-w32
[drivers]	created driver: FAT-w64 (type=fat)
[drivers]	registered driver: FAT-w64
[drivers]	created driver: FAT-w128 (type=fat)
[drivers]	registered driver: FAT-w128
[drivers]	created driver: FAT-w256 (type=fat)
[drivers]	registered driver: FAT-w256
[drivers]	created driver: FAT-w512 (type=fat)
[drivers]	registered driver: FAT-w512
[drivers]	created driver: FAT-w1024 (type=fat)
[drivers]	registered driver: FAT-w1024
[drivers]	created driver: UNICEP-w2 (type=unicep)
[drivers]	registered driver: UNICEP-w2
[drivers]	created driver: UNICEP-w4 (type=unicep)
[drivers]	registered driver: UNICEP-w4
[drivers]	created driver: UNICEP-w8 (type=unicep)
[drivers]	registered driver: UNICEP-w8
[drivers]	created driver: UNICEP-w16 (type=unicep)
[drivers]	registered driver: UNICEP-w16
[drivers]	created driver: UNICEP-w32 (type=unicep)
[drivers]	registered driver: UNICEP-w32
[drivers]	created driver: UNICEP-w64 (type=unicep)
[drivers]	registered driver: UNICEP-w64
[drivers]	created driver: UNICEP-w128 (type=unicep)
[drivers]	registered driver: UNICEP-w128
[drivers]	created driver: UNICEP-w256 (type=unicep)
[drivers]	registered driver: UNICEP-w256
[drivers]	created driver: UNICEP-w512 (type=unicep)
[drivers]	registered driver: UNICEP-w512
[drivers]	created driver: UNICEP-w1024 (type=unicep)
[drivers]	registered driver: UNICEP-w1024
[drivers]	created driver: F1-w2 (type=f1)
[drivers]	registered driver: F1-w2
[drivers]	created driver: F1-w4 (type=f1)
[drivers]	registered driver: F1-w4
[drivers]	created driver: F1-w8 (type=f1)
[drivers]	registered driver: F1-w8
[drivers]	created driver: F1-w16 (type=f1)
[drivers]	registered driver: F1-w16
[drivers]	created driver: F1-w32 (type=f1)
[drivers]	registered driver: F1-w32
[drivers]	created driver: F1-w64 (type=f1)
[drivers]	registered driver: F1-w64
[drivers]	created driver: F1-w128 (type=f1)
[drivers]	registered driver: F1-w128
[drivers]	created driver: F1-w256 (type=f1)
[drivers]	registered driver: F1-w256
[drivers]	created driver: F1-w512 (type=f1)
[drivers]	registered driver: F1-w512
[drivers]	created driver: F1-w1024 (type=f1)
[drivers]	registered driver: F1-w1024
[drivers]	created driver: F2-w2 (type=f2)
[drivers]	registered driver: F2-w2
[drivers]	created driver: F2-w4 (type=f2)
[drivers]	registered driver: F2-w4
[drivers]	created driver: F2-w8 (type=f2)
[drivers]	registered driver: F2-w8
[drivers]	created driver: F2-w16 (type=f2)
[drivers]	registered driver: F2-w16
[drivers]	created driver: F2-w32 (type=f2)
[drivers]	registered driver: F2-w32
[drivers]	created driver: F2-w64 (type=f2)
[drivers]	registered driver: F2-w64
[drivers]	created driver: F2-w128 (type=f2)
[drivers]	registered driver: F2-w128
[drivers]	created driver: F2-w256 (type=f2)
[drivers]	registered driver: F2-w256
[drivers]	created driver: F2-w512 (type=f2)
[drivers]	registered driver: F2-w512
[drivers]	created driver: F2-w1024 (type=f2)
[drivers]	registered driver: F2-w1024
[drivers]	created driver: F3-w2 (type=f3)
[drivers]	registered driver: F3-w2
[drivers]	created driver: F3-w4 (type=f3)
[drivers]	registered driver: F3-w4
[drivers]	created driver: F3-w8 (type=f3)
[drivers]	registered driver: F3-w8
[drivers]	created driver: F3-w16 (type=f3)
[drivers]	registered driver: F3-w16
[drivers]	created driver: F3-w32 (type=f3)
[drivers]	registered driver: F3-w32
[drivers]	created driver: F3-w64 (type=f3)
[drivers]	registered driver: F3-w64
[drivers]	created driver: F3-w128 (type=f3)
[drivers]	registered driver: F3-w128
[drivers]	created driver: F3-w256 (type=f3)
[drivers]	registered driver: F3-w256
[drivers]	created driver: F3-w512 (type=f3)
[drivers]	registered driver: F3-w512
[drivers]	created driver: F3-w1024 (type=f3)
[drivers]	registered driver: F3-w1024
[drivers]	created driver: F4-w2 (type=f4)
[drivers]	registered driver: F4-w2
[drivers]	created driver: F4-w4 (type=f4)
[drivers]	registered driver: F4-w4
[drivers]	created driver: F4-w8 (type=f4)
[drivers]	registered driver: F4-w8
[drivers]	created driver: F4-w16 (type=f4)
[drivers]	registered driver: F4-w16
[drivers]	created driver: F4-w32 (type=f4)
[drivers]	registered driver: F4-w32
[drivers]	created driver: F4-w64 (type=f4)
[drivers]	registered driver: F4-w64
[drivers]	created driver: F4-w128 (type=f4)
[drivers]	registered driver: F4-w128
[drivers]	created driver: F4-w256 (type=f4)
[drivers]	registered driver: F4-w256
[drivers]	created driver: F4-w512 (type=f4)
[drivers]	registered driver: F4-w512
[drivers]	created driver: F4-w1024 (type=f4)
[drivers]	registered driver: F4-w1024
[drivers]	registered 161 drivers
[run]	running driver: FCFS
[run]	driver FCFS finished in 1.051316s
[run]	running driver: SJF-w2
[run]	driver SJF-w2 finished in 1.129399s
[run]	running driver: SJF-w4
[run]	driver SJF-w4 finished in 0.951389s
[run]	running driver: SJF-w8
[run]	driver SJF-w8 finished in 1.014025s
[run]	running driver: SJF-w16
[run]	driver SJF-w16 finished in 0.973574s
[run]	running driver: SJF-w32
[run]	driver SJF-w32 finished in 1.078508s
[run]	running driver: SJF-w64
[run]	driver SJF-w64 finished in 1.119017s
[run]	running driver: SJF-w128
[run]	driver SJF-w128 finished in 0.987336s
[run]	running driver: SJF-w256
[run]	driver SJF-w256 finished in 1.151825s
[run]	running driver: SJF-w512
[run]	driver SJF-w512 finished in 1.164022s
[run]	running driver: SJF-w1024
[run]	driver SJF-w1024 finished in 1.146444s
[run]	running driver: LJF-w2
[run]	driver LJF-w2 finished in 1.023129s
[run]	running driver: LJF-w4
[run]	driver LJF-w4 finished in 0.926851s
[run]	running driver: LJF-w8
[run]	driver LJF-w8 finished in 1.014102s
[run]	running driver: LJF-w16
[run]	driver LJF-w16 finished in 1.219241s
[run]	running driver: LJF-w32
[run]	driver LJF-w32 finished in 1.247855s
[run]	running driver: LJF-w64
[run]	driver LJF-w64 finished in 1.289685s
[run]	running driver: LJF-w128
[run]	driver LJF-w128 finished in 1.397555s
[run]	running driver: LJF-w256
[run]	driver LJF-w256 finished in 1.377379s
[run]	running driver: LJF-w512
[run]	driver LJF-w512 finished in 1.776158s
[run]	running driver: LJF-w1024
[run]	driver LJF-w1024 finished in 1.842096s
[run]	running driver: SRF-w2
[run]	driver SRF-w2 finished in 1.161934s
[run]	running driver: SRF-w4
[run]	driver SRF-w4 finished in 1.110993s
[run]	running driver: SRF-w8
[run]	driver SRF-w8 finished in 1.016342s
[run]	running driver: SRF-w16
[run]	driver SRF-w16 finished in 0.971126s
[run]	running driver: SRF-w32
[run]	driver SRF-w32 finished in 1.115611s
[run]	running driver: SRF-w64
[run]	driver SRF-w64 finished in 1.183582s
[run]	running driver: SRF-w128
[run]	driver SRF-w128 finished in 1.207654s
[run]	running driver: SRF-w256
[run]	driver SRF-w256 finished in 1.062062s
[run]	running driver: SRF-w512
[run]	driver SRF-w512 finished in 1.200853s
[run]	running driver: SRF-w1024
[run]	driver SRF-w1024 finished in 1.097852s
[run]	running driver: LRF-w2
[run]	driver LRF-w2 finished in 1.086441s
[run]	running driver: LRF-w4
[run]	driver LRF-w4 finished in 1.168743s
[run]	running driver: LRF-w8
[run]	driver LRF-w8 finished in 0.930136s
[run]	running driver: LRF-w16
[run]	driver LRF-w16 finished in 0.990543s
[run]	running driver: LRF-w32
[run]	driver LRF-w32 finished in 0.874330s
[run]	running driver: LRF-w64
[run]	driver LRF-w64 finished in 0.920215s
[run]	running driver: LRF-w128
[run]	driver LRF-w128 finished in 0.880230s
[run]	running driver: LRF-w256
[run]	driver LRF-w256 finished in 1.026219s
[run]	running driver: LRF-w512
[run]	driver LRF-w512 finished in 1.380220s
[run]	running driver: LRF-w1024
[run]	driver LRF-w1024 finished in 1.493351s
[run]	running driver: SCF-w2
[run]	driver SCF-w2 finished in 0.781380s
[run]	running driver: SCF-w4
[run]	driver SCF-w4 finished in 0.746524s
[run]	running driver: SCF-w8
[run]	driver SCF-w8 finished in 0.740040s
[run]	running driver: SCF-w16
[run]	driver SCF-w16 finished in 0.714280s
[run]	running driver: SCF-w32
[run]	driver SCF-w32 finished in 0.738143s
[run]	running driver: SCF-w64
[run]	driver SCF-w64 finished in 0.752236s
[run]	running driver: SCF-w128
[run]	driver SCF-w128 finished in 0.778500s
[run]	running driver: SCF-w256
[run]	driver SCF-w256 finished in 0.789291s
[run]	running driver: SCF-w512
[run]	driver SCF-w512 finished in 0.772396s
[run]	running driver: SCF-w1024
[run]	driver SCF-w1024 finished in 0.772398s
[run]	running driver: LCF-w2
[run]	driver LCF-w2 finished in 0.809267s
[run]	running driver: LCF-w4
[run]	driver LCF-w4 finished in 0.925468s
[run]	running driver: LCF-w8
[run]	driver LCF-w8 finished in 0.860517s
[run]	running driver: LCF-w16
[run]	driver LCF-w16 finished in 0.961818s
[run]	running driver: LCF-w32
[run]	driver LCF-w32 finished in 0.850375s
[run]	running driver: LCF-w64
[run]	driver LCF-w64 finished in 0.925827s
[run]	running driver: LCF-w128
[run]	driver LCF-w128 finished in 1.065277s
[run]	running driver: LCF-w256
[run]	driver LCF-w256 finished in 1.347408s
[run]	running driver: LCF-w512
[run]	driver LCF-w512 finished in 1.566978s
[run]	running driver: LCF-w1024
[run]	driver LCF-w1024 finished in 1.711335s
[run]	running driver: LCFS-w2
[run]	driver LCFS-w2 finished in 0.800271s
[run]	running driver: LCFS-w4
[run]	driver LCFS-w4 finished in 0.752208s
[run]	running driver: LCFS-w8
[run]	driver LCFS-w8 finished in 0.721887s
[run]	running driver: LCFS-w16
[run]	driver LCFS-w16 finished in 0.771423s
[run]	running driver: LCFS-w32
[run]	driver LCFS-w32 finished in 0.729966s
[run]	running driver: LCFS-w64
[run]	driver LCFS-w64 finished in 0.746076s
[run]	running driver: LCFS-w128
[run]	driver LCFS-w128 finished in 0.791492s
[run]	running driver: LCFS-w256
[run]	driver LCFS-w256 finished in 0.795089s
[run]	running driver: LCFS-w512
[run]	driver LCFS-w512 finished in 0.842025s
[run]	running driver: LCFS-w1024
[run]	driver LCFS-w1024 finished in 0.806116s
[run]	running driver: WFP3-w2
[run]	driver WFP3-w2 finished in 0.791356s
[run]	running driver: WFP3-w4
[run]	driver WFP3-w4 finished in 0.824687s
[run]	running driver: WFP3-w8
[run]	driver WFP3-w8 finished in 0.803595s
[run]	running driver: WFP3-w16
[run]	driver WFP3-w16 finished in 0.818862s
[run]	running driver: WFP3-w32
[run]	driver WFP3-w32 finished in 0.840999s
[run]	running driver: WFP3-w64
[run]	driver WFP3-w64 finished in 0.864292s
[run]	running driver: WFP3-w128
[run]	driver WFP3-w128 finished in 0.991078s
[run]	running driver: WFP3-w256
[run]	driver WFP3-w256 finished in 0.999479s
[run]	running driver: WFP3-w512
[run]	driver WFP3-w512 finished in 1.042094s
[run]	running driver: WFP3-w1024
[run]	driver WFP3-w1024 finished in 1.108045s
[run]	running driver: WFP1-w2
[run]	driver WFP1-w2 finished in 0.758195s
[run]	running driver: WFP1-w4
[run]	driver WFP1-w4 finished in 0.802159s
[run]	running driver: WFP1-w8
[run]	driver WFP1-w8 finished in 0.889232s
[run]	running driver: WFP1-w16
[run]	driver WFP1-w16 finished in 0.824861s
[run]	running driver: WFP1-w32
[run]	driver WFP1-w32 finished in 0.920440s
[run]	running driver: WFP1-w64
[run]	driver WFP1-w64 finished in 0.964314s
[run]	running driver: WFP1-w128
[run]	driver WFP1-w128 finished in 0.949784s
[run]	running driver: WFP1-w256
[run]	driver WFP1-w256 finished in 0.953426s
[run]	running driver: WFP1-w512
[run]	driver WFP1-w512 finished in 1.234938s
[run]	running driver: WFP1-w1024
[run]	driver WFP1-w1024 finished in 1.203221s
[run]	running driver: FCSJ-w2
[run]	driver FCSJ-w2 finished in 0.773295s
[run]	running driver: FCSJ-w4
[run]	driver FCSJ-w4 finished in 0.827188s
[run]	running driver: FCSJ-w8
[run]	driver FCSJ-w8 finished in 0.836592s
[run]	running driver: FCSJ-w16
[run]	driver FCSJ-w16 finished in 0.777527s
[run]	running driver: FCSJ-w32
[run]	driver FCSJ-w32 finished in 0.810099s
[run]	running driver: FCSJ-w64
[run]	driver FCSJ-w64 finished in 0.905959s
[run]	running driver: FCSJ-w128
[run]	driver FCSJ-w128 finished in 0.896941s
[run]	running driver: FCSJ-w256
[run]	driver FCSJ-w256 finished in 0.990725s
[run]	running driver: FCSJ-w512
[run]	driver FCSJ-w512 finished in 1.035197s
[run]	running driver: FCSJ-w1024
[run]	driver FCSJ-w1024 finished in 0.946044s
[run]	running driver: FAT-w2
[run]	driver FAT-w2 finished in 0.772360s
[run]	running driver: FAT-w4
[run]	driver FAT-w4 finished in 0.776680s
[run]	running driver: FAT-w8
[run]	driver FAT-w8 finished in 0.888365s
[run]	running driver: FAT-w16
[run]	driver FAT-w16 finished in 0.867667s
[run]	running driver: FAT-w32
[run]	driver FAT-w32 finished in 0.926317s
[run]	running driver: FAT-w64
[run]	driver FAT-w64 finished in 1.073152s
[run]	running driver: FAT-w128
[run]	driver FAT-w128 finished in 1.247843s
[run]	running driver: FAT-w256
[run]	driver FAT-w256 finished in 1.453141s
[run]	running driver: FAT-w512
[run]	driver FAT-w512 finished in 1.685194s
[run]	running driver: FAT-w1024
[run]	driver FAT-w1024 finished in 1.918902s
[run]	running driver: UNICEP-w2
[run]	driver UNICEP-w2 finished in 0.891478s
[run]	running driver: UNICEP-w4
[run]	driver UNICEP-w4 finished in 0.793748s
[run]	running driver: UNICEP-w8
[run]	driver UNICEP-w8 finished in 0.790772s
[run]	running driver: UNICEP-w16
[run]	driver UNICEP-w16 finished in 0.768750s
[run]	running driver: UNICEP-w32
[run]	driver UNICEP-w32 finished in 1.057044s
[run]	running driver: UNICEP-w64
[run]	driver UNICEP-w64 finished in 1.216557s
[run]	running driver: UNICEP-w128
[run]	driver UNICEP-w128 finished in 1.536752s
[run]	running driver: UNICEP-w256
[run]	driver UNICEP-w256 finished in 1.835202s
[run]	running driver: UNICEP-w512
[run]	driver UNICEP-w512 finished in 1.976111s
[run]	running driver: UNICEP-w1024
[run]	driver UNICEP-w1024 finished in 1.947884s
[run]	running driver: F1-w2
[run]	driver F1-w2 finished in 0.827101s
[run]	running driver: F1-w4
[run]	driver F1-w4 finished in 0.774371s
[run]	running driver: F1-w8
[run]	driver F1-w8 finished in 0.818906s
[run]	running driver: F1-w16
[run]	driver F1-w16 finished in 0.926739s
[run]	running driver: F1-w32
[run]	driver F1-w32 finished in 1.197875s
[run]	running driver: F1-w64
[run]	driver F1-w64 finished in 1.473867s
[run]	running driver: F1-w128
[run]	driver F1-w128 finished in 1.479177s
[run]	running driver: F1-w256
[run]	driver F1-w256 finished in 2.449286s
[run]	running driver: F1-w512
[run]	driver F1-w512 finished in 2.021196s
[run]	running driver: F1-w1024
[run]	driver F1-w1024 finished in 1.883649s
[run]	running driver: F2-w2
[run]	driver F2-w2 finished in 0.573939s
[run]	running driver: F2-w4
[run]	driver F2-w4 finished in 0.821208s
[run]	running driver: F2-w8
[run]	driver F2-w8 finished in 1.127998s
[run]	running driver: F2-w16
[run]	driver F2-w16 finished in 1.206408s
[run]	running driver: F2-w32
[run]	driver F2-w32 finished in 1.332187s
[run]	running driver: F2-w64
[run]	driver F2-w64 finished in 1.552775s
[run]	running driver: F2-w128
[run]	driver F2-w128 finished in 1.701541s
[run]	running driver: F2-w256
[run]	driver F2-w256 finished in 1.884987s
[run]	running driver: F2-w512
[run]	driver F2-w512 finished in 1.899587s
[run]	running driver: F2-w1024
[run]	driver F2-w1024 finished in 1.549010s
[run]	running driver: F3-w2
[run]	driver F3-w2 finished in 0.965655s
[run]	running driver: F3-w4
[run]	driver F3-w4 finished in 0.871774s
[run]	running driver: F3-w8
[run]	driver F3-w8 finished in 1.039710s
[run]	running driver: F3-w16
[run]	driver F3-w16 finished in 1.210578s
[run]	running driver: F3-w32
[run]	driver F3-w32 finished in 1.376981s
[run]	running driver: F3-w64
[run]	driver F3-w64 finished in 1.337101s
[run]	running driver: F3-w128
[run]	driver F3-w128 finished in 1.429719s
[run]	running driver: F3-w256
[run]	driver F3-w256 finished in 1.316915s
[run]	running driver: F3-w512
[run]	driver F3-w512 finished in 1.214514s
[run]	running driver: F3-w1024
[run]	driver F3-w1024 finished in 1.600024s
[run]	running driver: F4-w2
[run]	driver F4-w2 finished in 0.834353s
[run]	running driver: F4-w4
[run]	driver F4-w4 finished in 0.961163s
[run]	running driver: F4-w8
[run]	driver F4-w8 finished in 1.118179s
[run]	running driver: F4-w16
[run]	driver F4-w16 finished in 1.242588s
[run]	running driver: F4-w32
[run]	driver F4-w32 finished in 1.378300s
[run]	running driver: F4-w64
[run]	driver F4-w64 finished in 1.561390s
[run]	running driver: F4-w128
[run]	driver F4-w128 finished in 1.811547s
[run]	running driver: F4-w256
[run]	driver F4-w256 finished in 1.602505s
[run]	running driver: F4-w512
[run]	driver F4-w512 finished in 1.615324s
[run]	running driver: F4-w1024
[run]	driver F4-w1024 finished in 1.591906s
[output]	output_analytics started
[output]	wrote results/exp1b/summary.csv
[output]	experiment complete
